{
    "name": "a-vendor/package-name",
    "type": "library",
    "description": "This is a test package.",
    "keywords": [],
    "license": "MPL-2.0",
    "authors": [
        {
            "name": "Jane Doe"
        }
    ]
}
