# a-vendor/package-name

badges info

description info



usage info

## Contributing

Contributions are welcome! Before contributing to this project, familiarize
yourself with [CONTRIBUTING.md](CONTRIBUTING.md).



copyright info
