<?php

/**
 * This file is part of fellowship/one-ring
 *
 * fellowship/one-ring is Ethical Open Source (EOS) software: you can
 * distribute it and/or modify it under the terms of the Hippocratic
 * License version 2.1 (the "License"). You may not use this file
 * except in compliance with the License.
 *
 * Unless required by applicable law or agreed to in writing, software
 * distributed under the License is distributed on an "AS IS" BASIS,
 * WITHOUT WARRANTIES OR CONDITIONS OF ANY KIND, either express or
 * implied. See the License for the specific language governing
 * permissions and limitations under the License.
 *
 * @copyright Copyright (c) Samwise Gamgee
 * @license https://spdx.org/licenses/Hippocratic-2.1.html Hippocratic License 2.1
 */

declare(strict_types=1);

namespace Foo;

/**
 * Class description
 */
class Bar
{
}
